Average IoU: 0.6154
mAP: 0.9143